<?xml version="1.0" encoding="utf-8"?>
<test-run id="2" testcasecount="8" result="Passed" total="8" passed="8" failed="0" inconclusive="0" skipped="0" asserts="0" engine-version="3.5.0.0" clr-version="4.0.30319.42000" start-time="2020-07-04 23:59:01Z" end-time="2020-07-04 23:59:03Z" duration="2.1951473">
  <test-suite type="TestSuite" id="1000" name="mc426" fullname="mc426" runstate="Runnable" testcasecount="8" result="Passed" start-time="2020-07-04 23:59:01Z" end-time="2020-07-04 23:59:03Z" duration="2.195147" total="8" passed="8" failed="0" inconclusive="0" skipped="0" asserts="0">
    <properties />
    <test-suite type="Assembly" id="1012" name="Tests.dll" fullname="/home/m4rquee/projects/mc426/projeto-mc426-grupo4/MC426/Library/ScriptAssemblies/Tests.dll" runstate="Runnable" testcasecount="8" result="Passed" start-time="2020-07-04 23:59:01Z" end-time="2020-07-04 23:59:03Z" duration="2.170840" total="8" passed="8" failed="0" inconclusive="0" skipped="0" asserts="0">
      <properties>
        <property name="_PID" value="18280" />
        <property name="_APPDOMAIN" value="Unity Child Domain" />
        <property name="platform" value="PlayMode" />
      </properties>
      <test-suite type="TestSuite" id="1013" name="Tests" fullname="Tests" runstate="Runnable" testcasecount="8" result="Passed" start-time="2020-07-04 23:59:01Z" end-time="2020-07-04 23:59:03Z" duration="2.157677" total="8" passed="8" failed="0" inconclusive="0" skipped="0" asserts="0">
        <properties />
        <test-suite type="TestFixture" id="1001" name="MenuTest" fullname="Tests.MenuTest" classname="Tests.MenuTest" runstate="Runnable" testcasecount="1" result="Passed" start-time="2020-07-04 23:59:01Z" end-time="2020-07-04 23:59:02Z" duration="0.458823" total="1" passed="1" failed="0" inconclusive="0" skipped="0" asserts="0">
          <properties />
          <test-case id="1002" name="TestPlayGame" fullname="Tests.MenuTest.TestPlayGame" methodname="TestPlayGame" classname="Tests.MenuTest" runstate="Runnable" seed="656365161" result="Passed" start-time="2020-07-04 23:59:01Z" end-time="2020-07-04 23:59:02Z" duration="0.426500" asserts="0">
            <properties>
              <property name="_JOINTYPE" value="UnityCombinatorial" />
            </properties>
          </test-case>
        </test-suite>
        <test-suite type="TestFixture" id="1003" name="StageTest" fullname="Tests.StageTest" classname="Tests.StageTest" runstate="Runnable" testcasecount="1" result="Passed" start-time="2020-07-04 23:59:02Z" end-time="2020-07-04 23:59:02Z" duration="0.532941" total="1" passed="1" failed="0" inconclusive="0" skipped="0" asserts="0">
          <properties />
          <output><![CDATA[Asset 'Stage Blocked Warning Animator Controller': Transition 'AnyState -> Hidden' in state 'AnyState' doesn't have an Exit Time or any condition, transition will be ignored
]]></output>
          <test-case id="1004" name="PlaceTower" fullname="Tests.StageTest.PlaceTower" methodname="PlaceTower" classname="Tests.StageTest" runstate="Runnable" seed="727193356" result="Passed" start-time="2020-07-04 23:59:02Z" end-time="2020-07-04 23:59:02Z" duration="0.201783" asserts="0">
            <properties>
              <property name="_JOINTYPE" value="UnityCombinatorial" />
            </properties>
          </test-case>
        </test-suite>
        <test-suite type="TestFixture" id="1005" name="TestStageSelector" fullname="Tests.TestStageSelector" classname="Tests.TestStageSelector" runstate="Runnable" testcasecount="6" result="Passed" start-time="2020-07-04 23:59:02Z" end-time="2020-07-04 23:59:03Z" duration="1.150853" total="6" passed="6" failed="0" inconclusive="0" skipped="0" asserts="0">
          <properties />
          <test-case id="1011" name="_TestClickOnBlockedStage" fullname="Tests.TestStageSelector._TestClickOnBlockedStage" methodname="_TestClickOnBlockedStage" classname="Tests.TestStageSelector" runstate="Runnable" seed="1342577303" result="Passed" start-time="2020-07-04 23:59:02Z" end-time="2020-07-04 23:59:02Z" duration="0.184009" asserts="0">
            <properties>
              <property name="_JOINTYPE" value="UnityCombinatorial" />
            </properties>
            <output><![CDATA[Asset 'Stage Blocked Warning Animator Controller': Transition 'AnyState -> Hidden' in state 'AnyState' doesn't have an Exit Time or any condition, transition will be ignored
]]></output>
          </test-case>
          <test-case id="1010" name="_TestClickOnPlayableStage" fullname="Tests.TestStageSelector._TestClickOnPlayableStage" methodname="_TestClickOnPlayableStage" classname="Tests.TestStageSelector" runstate="Runnable" seed="863326469" result="Passed" start-time="2020-07-04 23:59:02Z" end-time="2020-07-04 23:59:03Z" duration="0.275540" asserts="0">
            <properties>
              <property name="_JOINTYPE" value="UnityCombinatorial" />
            </properties>
            <output><![CDATA[Clicou no botão de entrar na fase número: 02
]]></output>
          </test-case>
          <test-case id="1006" name="_TestStagesEqualsTo0" fullname="Tests.TestStageSelector._TestStagesEqualsTo0" methodname="_TestStagesEqualsTo0" classname="Tests.TestStageSelector" runstate="Runnable" seed="1404984424" result="Passed" start-time="2020-07-04 23:59:03Z" end-time="2020-07-04 23:59:03Z" duration="0.173287" asserts="0">
            <properties>
              <property name="_JOINTYPE" value="UnityCombinatorial" />
            </properties>
            <output><![CDATA[Asset 'Stage Blocked Warning Animator Controller': Transition 'AnyState -> Hidden' in state 'AnyState' doesn't have an Exit Time or any condition, transition will be ignored
]]></output>
          </test-case>
          <test-case id="1007" name="_TestStagesEqualsTo1" fullname="Tests.TestStageSelector._TestStagesEqualsTo1" methodname="_TestStagesEqualsTo1" classname="Tests.TestStageSelector" runstate="Runnable" seed="1540112872" result="Passed" start-time="2020-07-04 23:59:03Z" end-time="2020-07-04 23:59:03Z" duration="0.169535" asserts="0">
            <properties>
              <property name="_JOINTYPE" value="UnityCombinatorial" />
            </properties>
          </test-case>
          <test-case id="1008" name="_TestStagesEqualsTo10" fullname="Tests.TestStageSelector._TestStagesEqualsTo10" methodname="_TestStagesEqualsTo10" classname="Tests.TestStageSelector" runstate="Runnable" seed="979871871" result="Passed" start-time="2020-07-04 23:59:03Z" end-time="2020-07-04 23:59:03Z" duration="0.167912" asserts="0">
            <properties>
              <property name="_JOINTYPE" value="UnityCombinatorial" />
            </properties>
          </test-case>
          <test-case id="1009" name="_TestStagesEqualsTo11" fullname="Tests.TestStageSelector._TestStagesEqualsTo11" methodname="_TestStagesEqualsTo11" classname="Tests.TestStageSelector" runstate="Runnable" seed="792425213" result="Passed" start-time="2020-07-04 23:59:03Z" end-time="2020-07-04 23:59:03Z" duration="0.165628" asserts="0">
            <properties>
              <property name="_JOINTYPE" value="UnityCombinatorial" />
            </properties>
          </test-case>
        </test-suite>
      </test-suite>
    </test-suite>
  </test-suite>
</test-run>